ASxxxx Linker V03.00 + NoICE + sdld,  page 1.
Hexadecimal  [32-Bits]

Area                                    Addr        Size        Decimal Bytes (Attributes)
--------------------------------        ----        ----        ------- ----- ------------
.  .ABS.                            00000000    00000000 =           0. bytes (ABS,CON)

      Value  Global                              Global Defined In Module
      -----  --------------------------------   ------------------------
     00000000  .__.ABS.                           cpct_random
     00000000  l__CABS                         
     00000000  l__DABS                         
     00000000  l__DATA                         
     00000000  l__GSFINAL                      
     00000000  l__GSINIT                       
     00000000  l__HOME                         
     00000000  l__INITIALIZED                  
     00000000  l__INITIALIZER                  
     00000000  s__CABS                         
     00000000  s__DABS                         
     00000BDE  l__CODE                         
     00004000  s__CODE                         
     00004BDE  s__DATA                         
     00004BDE  s__GSFINAL                      
     00004BDE  s__GSINIT                       
     00004BDE  s__HOME                         
     00004BDE  s__INITIALIZED                  
     00004BDE  s__INITIALIZER                  

ASxxxx Linker V03.00 + NoICE + sdld,  page 2.
Hexadecimal  [32-Bits]

Area                                    Addr        Size        Decimal Bytes (Attributes)
--------------------------------        ----        ----        ------- ----- ------------
_CODE                               00004000    00000BDE =        3038. bytes (REL,CON)

      Value  Global                              Global Defined In Module
      -----  --------------------------------   ------------------------
     00004000  _nivel1                            Mapa
     00004384  _g_0                               Mapabyn
     000043A4  _g_1                               Mapabyn
     000043C4  _g_2                               Mapabyn
     000043E4  _g_3                               Mapabyn
     00004404  _g_4                               Mapabyn
     00004424  _g_5                               Mapabyn
     00004444  _g_palette                         g_palette
     0000445D  hero_draw                          cpct_keyboard
     00004464  hero_clear                         cpct_keyboard
     0000446B  hero_update                        cpct_keyboard
     000044BD  hero_get_position                  cpct_keyboard
     0000451A  bullet_draw                        cpct_keyboard
     00004520  bullet_update                      cpct_keyboard
     00004526  bullet_clear                       cpct_keyboard
     0000452C  bullet_inputs                      cpct_keyboard
     0000462F  load_control                       cpct_keyboard
     0000463C  dw_draw                            cpct_keyboard
     00004671  dw_clear                           cpct_keyboard
     00004683  _main                              cpct_keyboard
     00004694  loop_load                          cpct_keyboard
     000046F7  enemy_create                       cpct_keyboard
     000046FD  enemy_draw_ALL                     cpct_keyboard
     00004703  enemy_clear_ALL                    cpct_keyboard
     00004709  enemy_update_ALL                   cpct_keyboard
     00004947  obs_draw                           
     0000494E  obs_clear                          
     00004955  inc_map_y                          
     0000496C  drawMap                            
     00004984  mv_move                            cpct_keyboard
     00004985  cpct_setPalette_asm                cpct_video
     00004998  _cpct_isKeyPressed                 cpct_keyboard
     00004998  cpct_isKeyPressed_asm              cpct_keyboard
     000049A4  cpct_etm_drawTilemap4x8_ag_asm     cpct_easytilemaps
     000049A6  cpct_etm_dtm4x8_ag_asm_widthHeig   cpct_easytilemaps
     000049BC  cpct_etm_dtm4x8_ag_asm_tilesetPt   cpct_easytilemaps
     00004A27  cpct_etm_dtm4x8_ag_asm_restoreI    cpct_easytilemaps
     00004A2D  cpct_etm_dtm4x8_ag_asm_increment   cpct_easytilemaps
     00004A32  cpct_etm_dtm4x8_ag_asm_restoreWi   cpct_easytilemaps
     00004A35  cpct_etm_dtm4x8_ag_asm_updateWid   cpct_easytilemaps
     00004A3D  _cpct_keyboardStatusBuffer         cpct_keyboard
     00004A47  cpct_setVideoMode_asm              cpct_video
     00004A54  _cpct_waitVSYNC                    cpct_video
     00004A54  cpct_waitVSYNC_asm                 cpct_video
     00004A5C  _cpct_disableFirmware              cpct_firmware
     00004A5C  _cpct_removeInterruptHandler       cpct_firmware
     00004A5C  cpct_disableFirmware_asm           cpct_firmware
     00004A5C  cpct_removeInterruptHandler_asm    cpct_firmware
     00004A6C  _cpct_getRandom_mxor_u8            cpct_random
     00004A6C  cpct_getRandom_mxor_u8_asm         cpct_random
ASxxxx Linker V03.00 + NoICE + sdld,  page 3.
Hexadecimal  [32-Bits]

Area                                    Addr        Size        Decimal Bytes (Attributes)
--------------------------------        ----        ----        ------- ----- ------------
_CODE                               00004000    00000BDE =        3038. bytes (REL,CON)

      Value  Global                              Global Defined In Module
      -----  --------------------------------   ------------------------
     00004A6D  cpct_randomIdx_mxor_u8             cpct_random
     00004A91  cpct_drawSolidBox_asm              cpct_sprites
     00004B3D  _cpct_mode_rom_status              cpct_firmware
     00004B3E  cpct_etm_setDrawTilemap4x8_ag_as   cpct_easytilemaps
     00004B6A  cpct_getScreenPtr_asm              cpct_video
     00004B86  _cpct_scanKeyboard                 cpct_keyboard
     00004B86  cpct_scanKeyboard_asm              cpct_keyboard
     00004BB7  _cpct_mxor32_seed                  cpct_random
     00004BBB  _cpct_nextRandom_mxor_u32          cpct_random
     00004BBB  cpct_nextRandom_mxor_u32_asm       cpct_random
ASxxxx Linker V03.00 + NoICE + sdld,  page 4.

Files Linked                              [ module(s) ]

obj/Mapas/Mapa.rel                        [ Mapa ]
obj/Sprites/Mapabyn.rel                   [ Mapabyn ]
obj/Sprites/g_palette.rel                 [ g_palette ]
obj/struct.h.rel                          [  ]
obj/hero.rel                              [ cpct_keyboard ]
obj/bullet.rel                            [ cpct_keyboard ]
obj/load.rel                              [ cpct_keyboard ]
obj/drawable.rel                          [ cpct_keyboard ]
obj/main.rel                              [ cpct_keyboard ]
obj/enemy.rel                             [ cpct_keyboard ]
obj/map.rel                               [  ]
obj/movable.rel                           [ cpct_keyboard ]


Libraries Linked                          [ object file ]

/home/david/cpctelera/cpctelera/cpctelera.lib
                                          [ cpct_setPalette_asmbindings.rel ]
/home/david/cpctelera/cpctelera/cpctelera.lib
                                          [ cpct_isKeyPressed.rel ]
/home/david/cpctelera/cpctelera/cpctelera.lib
                                          [ cpct_etm_drawTilemap4x8_ag_asmbi ]
/home/david/cpctelera/cpctelera/cpctelera.lib
                                          [ keyboard.rel ]
/home/david/cpctelera/cpctelera/cpctelera.lib
                                          [ cpct_setVideoMode_asmbindings.re ]
/home/david/cpctelera/cpctelera/cpctelera.lib
                                          [ cpct_waitVSYNC.rel ]
/home/david/cpctelera/cpctelera/cpctelera.lib
                                          [ cpct_removeInterruptHandler.rel ]
/home/david/cpctelera/cpctelera/cpctelera.lib
                                          [ cpct_getRandom_mxor_u8.rel ]
/home/david/cpctelera/cpctelera/cpctelera.lib
                                          [ cpct_drawSolidBox_asmbindings.re ]
/home/david/cpctelera/cpctelera/cpctelera.lib
                                          [ cpc_mode_rom_status.rel ]
/home/david/cpctelera/cpctelera/cpctelera.lib
                                          [ cpct_etm_setDrawTilemap4x8_ag_as ]
/home/david/cpctelera/cpctelera/cpctelera.lib
                                          [ cpct_getScreenPtr_asmbindings.re ]
/home/david/cpctelera/cpctelera/cpctelera.lib
                                          [ cpct_scanKeyboard.rel ]
/home/david/cpctelera/cpctelera/cpctelera.lib
                                          [ cpct_mxor32_seed.rel ]
/home/david/cpctelera/cpctelera/cpctelera.lib
                                          [ cpct_nextRandom_mxor_u32.rel ]

ASxxxx Linker V03.00 + NoICE + sdld,  page 5.

User Base Address Definitions

_CODE = 0x4000
_DATA = 0x0000

